../Core/Src/main.c:82:5:main	8	static
../Core/Src/main.c:155:6:SystemClock_Config	88	static
../Core/Src/main.c:201:6:HAL_GPIO_EXTI_Callback	24	static
../Core/Src/main.c:232:6:Update_P1_LEDs_Sequential	16	static
../Core/Src/main.c:240:6:Update_P2_LEDs_Sequential	16	static
../Core/Src/main.c:248:6:Set_P1_LEDs_All_ON	8	static
../Core/Src/main.c:252:6:Set_P1_LEDs_All_OFF	8	static
../Core/Src/main.c:256:6:Set_P2_LEDs_All_ON	8	static
../Core/Src/main.c:260:6:Set_P2_LEDs_All_OFF	8	static
../Core/Src/main.c:265:6:Display_WriteDigit	16	static
../Core/Src/main.c:286:6:Error_Handler	4	static,ignoring_inline_asm
