../Core/Src/main.c:81:5:main	6
../Core/Src/main.c:154:6:SystemClock_Config	3
../Core/Src/main.c:199:6:HAL_GPIO_EXTI_Callback	8
../Core/Src/main.c:230:6:Update_P1_LEDs_Sequential	1
../Core/Src/main.c:238:6:Update_P2_LEDs_Sequential	1
../Core/Src/main.c:246:6:Set_P1_LEDs_All_ON	1
../Core/Src/main.c:250:6:Set_P1_LEDs_All_OFF	1
../Core/Src/main.c:254:6:Set_P2_LEDs_All_ON	1
../Core/Src/main.c:258:6:Set_P2_LEDs_All_OFF	1
../Core/Src/main.c:263:6:Display_WriteDigit	3
../Core/Src/main.c:284:6:Error_Handler	1
